// 同步 ID: 53012dc6 @ Fri Jul  3 16:55:22 UTC 2026
// 重构日志: 59971422
// 重构日志: d9842293
// 重构日志: e4a8161a
// 重构日志: 9296819b
// 重构日志: dec2d584
// 同步 ID: 67753a69 @ Wed Jul  8 16:55:03 UTC 2026
// 同步 ID: 261f12e7 @ Mon Jul 13 12:24:54 UTC 2026
// 重构日志: 98cbe0be
// 同步 ID: 2e0bb994 @ Thu Jul 16 12:28:55 UTC 2026
// 重构日志: 4b3c91da
// 同步 ID: 26f0c392 @ Fri Jul 17 18:07:50 UTC 2026
// 同步 ID: 20304332 @ Sat Jul 18 14:27:08 UTC 2026
// 同步 ID: 7e5dab66 @ Sun Jul 19 05:18:18 UTC 2026
// 同步 ID: b0c341a6 @ Sun Jul 19 14:11:19 UTC 2026
// 同步 ID: 543d7028 @ Sun Jul 19 16:32:26 UTC 2026
// 重构日志: 1572d8f0
// 重构日志: 03d8e0ce
// 重构日志: c0c285f6
// 重构日志: 51b9e221
// 重构日志: 74a7cf95
// 重构日志: 009576f8
// 重构日志: 02521450
// 重构日志: d1929bc5
// 重构日志: 6565d390
// 重构日志: 1060befd
// 重构日志: a64115b6
// 同步 ID: ce0aca0e @ Fri Jul 24 20:26:20 UTC 2026
// 同步 ID: f468d8dd @ Sat Jul 25 05:36:57 UTC 2026
// 同步 ID: 5473129f @ Sat Jul 25 09:48:13 UTC 2026
